#-----------------------------------------------------------
# Vivado v2018.3 (64-bit)
# SW Build 2405991 on Thu Dec  6 23:38:27 MST 2018
# IP Build 2404404 on Fri Dec  7 01:43:56 MST 2018
# Start of session at: Sun Oct 29 19:38:39 2023
# Process ID: 5664
# Current directory: C:/Users/24121/Desktop/minimip32-lite-master/minimip32-lite-master/computer-composition-structure/CPU
# Command line: vivado.exe -gui_launcher_event rodinguilauncherevent3128 C:\Users\24121\Desktop\minimip32-lite-master\minimip32-lite-master\computer-composition-structure\CPU\project_1.xpr
# Log file: C:/Users/24121/Desktop/minimip32-lite-master/minimip32-lite-master/computer-composition-structure/CPU/vivado.log
# Journal file: C:/Users/24121/Desktop/minimip32-lite-master/minimip32-lite-master/computer-composition-structure/CPU\vivado.jou
#-----------------------------------------------------------
start_gui
open_project C:/Users/24121/Desktop/minimip32-lite-master/minimip32-lite-master/computer-composition-structure/CPU/project_1.xpr
update_compile_order -fileset sources_1
generate_target Simulation [get_files C:/Users/24121/Desktop/minimip32-lite-master/minimip32-lite-master/computer-composition-structure/CPU/project_1.srcs/sources_1/ip/data_ram/data_ram.xci]
generate_target all [get_files C:/Users/24121/Desktop/minimip32-lite-master/minimip32-lite-master/computer-composition-structure/CPU/project_1.srcs/sources_1/ip/data_ram/data_ram.xci]
